<?php
$a = (int) $x;
$b = (string) $x->y;
$c = (float) ($x + $y);
$d = (bool) f($x);
$e = (float) $x[0];
$k = (string) __LINE__;
$f = intval($x, 8);
$g = intval();
$h = \Foo\intval($x);
$i = intval(...$x);
$j = intval(...);
$l = (int) isset($x);
$m = (int) new Foo;
$n = (int) [1, 2];
$o = (int) -$x;
$p = (int) ($x + 1);
$q = (int) (fn() => 1);
