<?php
$a = array_any($items, fn($item) => $item > 3);
$b = !array_any($items, fn($item) => $item > 3);
$c = array_any($items, fn($item) => $item->active);
$d = !array_any($items, fn($item) => $item->active);
$e = array_any($items, function ($item) {
	return $item['ok'];
});
$f = !array_any($items, fn($item) => $item > 3);
$g = array_all($items, fn($item) => $item > 3);
$h = array_find($items, fn($item) => $item > 3);
$i = array_find_key($items, fn($item) => $item > 3);
$j = array_any($items, fn($item) => $item > 3);
if (array_any($items, fn($item) => $item > 3)) {
}

// left alone
$k = count(array_filter($items)) > 0;
$l = count(array_filter($items, fn($item) => $item > 3, ARRAY_FILTER_USE_KEY)) > 0;
$m = count(array_filter($items, fn($item) => $item > 3)) > 1;
$n = count(array_filter($items, fn($item) => $item > 3)) === count($other);
$o = array_filter($items, fn($item) => $item > 3);
$p = array_values(array_filter($items, fn($item) => $item > 3))[1] ?? null;
$q = count(array_filter($items, /* odd */ fn($item) => $item > 3)) > 0;
$r = count(array_filter($items, is_array(...))) > 0;
$s = array_all($items, fn($item) => $item > 3);
$t = !array_all($items, fn($item) => $item > 3);
