<?php
$a = $input |> htmlspecialchars(...) |> strtolower(...) |> trim(...);
$b = trim(strtolower($input));
$c = $input |> strtolower(...) |> trim(...) |> $this->clean(...);
$d = $input |> strtolower(...) |> trim(...) |> Helper::wrap(...);
echo $input |> htmlspecialchars(...) |> strtolower(...) |> trim(...);
return $input |> htmlspecialchars(...) |> strtolower(...) |> trim(...);
$e = 'x' . trim(strtolower(htmlspecialchars($input)));
$f = trim(strtolower(htmlspecialchars($input)), ' ');
$g = trim(strtolower(htmlspecialchars($input, ENT_QUOTES)));
$h = trim(strtolower(htmlspecialchars($input)))[0];
$i = $fn(strtolower(htmlspecialchars($input)));
$j = $input |> f(...) |> htmlspecialchars(...) |> strtolower(...) |> trim(...);
$k = ($input ?? $default) |> htmlspecialchars(...) |> strtolower(...) |> trim(...);
$l = $input . $suffix |> htmlspecialchars(...) |> strtolower(...) |> trim(...);
