<?php
// risky
final class A
{
	public readonly string $name;

	public function __construct(string $name)
	{
		$this->name = $name;
	}
}

final class B
{
	public readonly string $name;

	public function __construct(string $name)
	{
		$this->name = $name;
	}
}

final class WithTrait
{
	use Resets;

	private int $value;

	public function __construct()
	{
		$this->value = 1;
	}
}
