<?php
// php 8.5
finfo_buffer($finfo, $contents, FILEINFO_NONE);
finfo_buffer($finfo, $contents, FILEINFO_NONE);
finfo_buffer($finfo, $contents, FILEINFO_NONE);
get_defined_functions();
get_defined_functions();
openssl_pkey_derive($public, $private);
\get_defined_functions();
get_defined_functions(f());
$finfo->buffer($contents, FILEINFO_NONE, []);
