<?php
// risky
$a = array_is_list($items);
$b = !array_is_list($items);
$c = array_is_list($items);
$d = array_keys($items) === range(0, count($other) - 1);
$e = array_keys($items) === range(1, count($items) - 1);
$f = array_keys($items) === range(0, count($items) - 2);
$g = array_keys($items) === range(0, count($items));
