<?php
$a = str_contains($h, $n);
$b = !str_contains($h, $n);
$c = str_contains($h, $n);
$d = str_starts_with($h, $n);
$e = !str_starts_with($h, $n);
$g = str_contains($h, $n);
$j = str_starts_with($h, $n);
$k = !str_starts_with($h, $n);
$l = str_starts_with($h, $n);
$m = !str_starts_with($h, $n);
$o = str_ends_with($h, '.php');
$p = \str_contains($h, $n);
$q = str_contains($this->text, $n) ? 1 : 2;
$r = !(!str_contains($h, $n));
$s = str_starts_with($h, '.php');
$t = str_ends_with($h, '.php');
$u = strpos($h, $n) == false;
$v = strpos($h, $n, 3) !== false;
$w = stripos($h, $n) !== false;
$x = strpos($h, $n) !== true;
$y = strpos($h, $n) === 1;
$z = substr($h, 0, strlen($n)) === $other;
$aa = substr($h, 0, strlen(f())) === f();
$ab = substr($h, 0, 3) === '.php';
$ac = substr($h, -4) === $n;
$ad = strpos(haystack: $h, needle: $n) !== false;
$ae = strpos(/* c */ $h, $n) !== false;
$af = strncmp($h, $n, 3) === 0;
$ag = substr($h, -strlen($n)) === $n;
$ah = mb_strpos($h, $n) !== false;
$ai = mb_strstr($h, $n) === false;
$aj = mb_strpos($h, $n, 0, 'UTF-8') !== false;
