<?php
// {"patterns": ["~^(?:(?!private|protected|static)\\S+ )?(?:con|de)structor\\.\\z~i", "~^Created by \\S+\\.\\z~i", "~^\\S+ [gs]etter\\.\\z~i"]}
class A {
	/**
	 * @param int $a
	 */
	public function __construct($a) {}

	/**
	 * Does something.
	 */
	public function b() {}

	public function setName() {}

	/**
	 * Private constructor.
	 */
	private function c() {}

	public function d() {}
}
