<?php
// {"App\\Mailer\\SmtpMailer": "App\\Mail\\Mailer", "Legacy\\Logger": "Psr\\Log\\LoggerInterface", "\\App\\Old": "\\App\\Current", "App\\Withdrawn": "keep", "App\\Obsolete": "App\\Missing"}

namespace App;

use App\Mail\Mailer;
use Psr\Log\LoggerInterface as Log;

#[Current]
final class Service extends Current
{
	public function __construct(
		private Mailer $mailer,
		private Log $log,
	) {
	}


	public function create(\Psr\Log\LoggerInterface|Current|null $logger): Current
	{
		$mailer = new Mailer;
		$class = Current::class;
		$kept = Withdrawn::class; // an entry withdrawn with keep
		$missing = Obsolete::class; // reported, the project having no such class
		return $logger instanceof Current ? $logger : new Current($mailer, Mailer::Default);
	}
}
