<?php
// {"Acme\\Codec\\ContextAwareNormalizer": "Acme\\Codec\\Normalizer", "Acme\\Codec\\CacheableNormalizer": "Acme\\Codec\\Normalizer", "Acme\\Codec\\EnvelopeInterface": "Acme\\Codec\\Envelope", "Acme\\Codec\\LegacyEnvelope": "Acme\\Codec\\Normalizer"}

namespace App;

use Acme\Codec\Envelope;
use Acme\Codec\EnvelopeInterface;
use Acme\Codec\LegacyEnvelope;
use Acme\Codec\Normalizer;

// the list names the class already, as it stands or once rewritten: the old name goes
class PostNormalizer implements Normalizer
{
}


class TagNormalizer implements Normalizer
{
}


interface ExtendedNormalizer extends Normalizer
{
}


// what cannot stand there: a class to implement, an interface to extend by a class
class SignedEnvelope implements EnvelopeInterface
{
}


class OldEnvelope extends LegacyEnvelope
{
}


function test(Envelope $envelope): void
{
}
