<?php
// {"Acme\\Codec\\ContextAwareNormalizer": "Acme\\Codec\\Normalizer", "Acme\\Codec\\CacheableNormalizer": "Acme\\Codec\\Normalizer"}

namespace App;

use Acme\Codec\Normalizer;

// the list names the class already, as it stands or once rewritten: the old name goes
class PostNormalizer implements Normalizer
{
}


class TagNormalizer implements Normalizer
{
}


interface ExtendedNormalizer extends Normalizer
{
}
