<?php
// {"closures": true}
$fail = function (): never {
	throw new LogicException('no');
};

$exit = static function (int $code): never {
	exit($code);
};

$returning = function () {
	if ($x) {
		return 1;
	}

	throw new LogicException('no');
};

$typed = function (): never {
	throw new LogicException('no');
};

usort($items, function ($a, $b): never {
	throw new LogicException('no');
});
