<?php
$a = ['a' => 1, 'b' => 2];
$b = \array_merge($defaults, $options);
$c = array_merge($first, $second, $third);
$g = [1, 2, ...[5 => 'x'], ...['1' => 'y', 'k' => 'z'], ...$rest];
$h = [
	'a',
	'b',
	'c',
];
$i = [
	'k' => 1,
	'l' => 2,
];
$j = array_merge([
	'a',
], $extra);
$k = [];

function nested()
{
	return array_map(trim(...), [
		'x',
		'y',
		'z',
	]);
}

// left alone
$d = array_merge(...$lists);
$e = array_merge(array: $one);
$f = $object->array_merge($one, $two);
