<?php
// an argument a direct call could pass by reference where call_user_func() passes a copy

$a = call_user_func($callback, $value);
$b = call_user_func($callback, $this->value, 1);
$c = call_user_func($callback, ...$values);
$d = strtoupper($value);
$e = call_user_func('sort', $value);
$f = (function ($x) { return $x; })($value);
$g = call_user_func(function (&$x) { $x = 1; }, $value);
$h = (fn($x) => $x)($items[0]);
