<?php
class A
{
	public private(set) string $a;
	public protected(set) int $b = 0;
	final public private(set) static int $c = 0;
	public private(set) string $d;
	protected private(set) string $e;
	private(set) /* why */ readonly string $f;
	public string $g;

	public function __construct(
		public private(set) string $p,
		public protected(set) readonly int $q,
		public private(set) string $r,
		readonly int $s,
	) {}
}
