<?php
// risky
// types off

namespace App;

use Acme\Time\{Clock, Schedule, SystemClock};

class Calendar extends Schedule
{
	public function __construct(?Clock $clock = null)
	{
		$clock ??= new SystemClock;
	}


	public function save(?Clock $clock = null): void
	{
		$clock ??= new SystemClock;
	}


	private function plan(Clock $clock = new SystemClock): void
	{
	}
}
