<?php
$a = new stdClass;
$b = new \stdClass;
$c = $x instanceof Exception;
function f(Traversable $t): \Countable {}
try {
} catch (\Throwable $e) {
}
$d = DateTime::createFromFormat('Y', '2000');
$e = stdClass::class;
class Foo extends ArrayObject implements Iterator {}
$f = new Foo\stdclass;
$g = stdclass();
$h = STDCLASS;
