<?php
// {"str_slug": "Acme\\Support\\Str::slug", "array_get": "\\Acme\\Support\\Arr::get", "Acme\\Legacy\\studly": "Acme\\Support\\Str::studly"}

namespace App {
	use Acme\Support\Arr;
	use Acme\Support\Str;
	use function Acme\Legacy\studly;

	// a static method written for a function, its class the way the code reaches it
	function test(array $config): array
	{
		return [
			str_slug($config['title'], separator: '_'),
			Str::slug('Hello World'),
			array_get($config, 'name', 'default'),
			Str::studly('snake_case'),
			array_map(str_slug(...), ['A B']),
		];
	}
}
